n0.l2cache: No MSHR lookup latency provided (mshr_latency_cycles)...intrapolated to 2 cycles.
n1.l2cache: No MSHR lookup latency provided (mshr_latency_cycles)...intrapolated to 2 cycles.
l3cache: No MSHR lookup latency provided (mshr_latency_cycles)...intrapolated to 5 cycles.
