l2cache: No MSHR lookup latency provided (mshr_latency_cycles)...intrapolated to 5 cycles.
