Configuring Ariel processor model (8 cores)...
Configuring ring network...
Configuring core and memory controller group 0...
Creating active core 0 in group 0
Creating active core 1 in group 0
Creating L3 cache block: 0 in group: 0
Creating L3 cache block: 1 in group: 0
Creating L3 cache block: 2 in group: 0
Creating L3 cache block: 3 in group: 0
Creating L3 cache block: 4 in group: 0
Configuring core and memory controller group 1...
Creating active core 0 in group 1
Creating active core 1 in group 1
Creating L3 cache block: 0 in group: 1
Creating L3 cache block: 1 in group: 1
Creating L3 cache block: 2 in group: 1
Creating L3 cache block: 3 in group: 1
Creating L3 cache block: 4 in group: 1
Configuring core and memory controller group 2...
Creating active core 0 in group 2
Creating active core 1 in group 2
Creating L3 cache block: 0 in group: 2
Creating L3 cache block: 1 in group: 2
Creating L3 cache block: 2 in group: 2
Creating L3 cache block: 3 in group: 2
Creating L3 cache block: 4 in group: 2
Configuring core and memory controller group 3...
Creating active core 0 in group 3
Creating active core 1 in group 3
Creating L3 cache block: 0 in group: 3
Creating L3 cache block: 1 in group: 3
Creating L3 cache block: 2 in group: 3
Creating L3 cache block: 3 in group: 3
Creating L3 cache block: 4 in group: 3
Completed configuring the SST Sandy Bridge model
SSTARIEL: Function profiling is disabled.
Allocating arrays of size 2000 elements.
Done allocating arrays.
Perfoming the fast_c compute loop...
Sum of arrays is: 6999500.000000
Freeing arrays...
Done.
CORE ID: 0 PROCESSED AN EXIT EVENT

Ariel Memory Management Statistics:
---------------------------------------------------------------------
Page Table Sizes:
- Map entries         140
Page Table Coverages:
- Bytes               573440
Simulation is complete, simulated time: 1.35508 ms
