SSTARIEL: Function profiling is disabled.
Allocating arrays of size 2000 elements.
Done allocating arrays.
Perfoming the fast_c compute loop...
Sum of arrays is: 6999500.000000
Freeing arrays...
Done.
CORE ID: 0 PROCESSED AN EXIT EVENT

Ariel Memory Management Statistics:
---------------------------------------------------------------------
Page Table Sizes:
- Map entries         140
Page Table Coverages:
- Bytes               573440
 a0.read_requests.0 : Accumulator : Sum.u64 = 87715; SumSQ.u64 = 87715; Count.u64 = 87715; Min.u64 = 1; Max.u64 = 1; 
 a0.write_requests.0 : Accumulator : Sum.u64 = 42110; SumSQ.u64 = 42110; Count.u64 = 42110; Min.u64 = 1; Max.u64 = 1; 
 a0.instruction_count.0 : Accumulator : Sum.u64 = 381226; SumSQ.u64 = 381226; Count.u64 = 381226; Min.u64 = 1; Max.u64 = 1; 
 a0.cycles.0 : Accumulator : Sum.u64 = 18705186; SumSQ.u64 = 18705186; Count.u64 = 18705186; Min.u64 = 1; Max.u64 = 1; 
Simulation is complete, simulated time: 18.7052 ms
