SSTARIEL: Function profiling is disabled.
Allocating arrays of size 2000 elements.
Done allocating arrays.
Perfoming the fast_c compute loop...
Sum of arrays is: 6999500.000000
Freeing arrays...
Done.
CORE ID: 0 PROCESSED AN EXIT EVENT

Ariel Memory Management Statistics:
---------------------------------------------------------------------
Page Table Sizes:
- Map entries         140
Page Table Coverages:
- Bytes               573440
 a0.read_requests.0 : Accumulator : Sum.u64 = 88412; SumSQ.u64 = 88412; Count.u64 = 88412; Min.u64 = 1; Max.u64 = 1; 
 a0.write_requests.0 : Accumulator : Sum.u64 = 42110; SumSQ.u64 = 42110; Count.u64 = 42110; Min.u64 = 1; Max.u64 = 1; 
 a0.instruction_count.0 : Accumulator : Sum.u64 = 386001; SumSQ.u64 = 386001; Count.u64 = 386001; Min.u64 = 1; Max.u64 = 1; 
 a0.cycles.0 : Accumulator : Sum.u64 = 16262951; SumSQ.u64 = 16262951; Count.u64 = 16262951; Min.u64 = 1; Max.u64 = 1; 
 a0.active_cycles.0 : Accumulator : Sum.u64 = 223110; SumSQ.u64 = 223110; Count.u64 = 223110; Min.u64 = 1; Max.u64 = 1; 
Simulation is complete, simulated time: 16.263 ms
