SSTARIEL: Function profiling is disabled.
Allocating arrays of size 2000 elements.
Done allocating arrays.
Perfoming the fast_c compute loop...
Sum of arrays is: 6999500.000000
Freeing arrays...
Done.
CORE ID: 0 PROCESSED AN EXIT EVENT

Ariel Memory Management Statistics:
---------------------------------------------------------------------
Page Table Sizes:
- Map entries         139
Page Table Coverages:
- Bytes               569344
 a0.read_requests.0 : Accumulator : Sum.u64 = 88028; SumSQ.u64 = 88028; Count.u64 = 88028; Min.u64 = 1; Max.u64 = 1; 
 a0.write_requests.0 : Accumulator : Sum.u64 = 42110; SumSQ.u64 = 42110; Count.u64 = 42110; Min.u64 = 1; Max.u64 = 1; 
 a0.instruction_count.0 : Accumulator : Sum.u64 = 383417; SumSQ.u64 = 383417; Count.u64 = 383417; Min.u64 = 1; Max.u64 = 1; 
 a0.cycles.0 : Accumulator : Sum.u64 = 16839872; SumSQ.u64 = 16839872; Count.u64 = 16839872; Min.u64 = 1; Max.u64 = 1; 
Simulation is complete, simulated time: 16.8399 ms
